
> client@0.0.0 build
> tsc && vite build

[36mvite v8.1.0 [32mbuilding client environment for production...[36m[39m
[2K
transforming...Γ£ô 8 modules transformed.
node.exe : [31mΓ£ù[39m Build failed in 424ms
At C:\Program Files\nodejs\npm.ps1:29 char:3
+   & $NODE_EXE $NPM_CLI_JS $args
+   ~~~~~~~~~~~~~~~~~~~~~~~~~~~~~
    + CategoryInfo          : NotSpecified: ([31mΓ£ù[39m Build failed in 424ms:String) [], RemoteException
    + FullyQualifiedErrorId : NativeCommandError
 
[31merror during build:
[31mBuild failed with 1 error:

[plugin vite:css] S:/gravity projects/skillSwap/client/src/style.css:undefined:NaN
Error: [postcss] It looks like you're trying to use `tailwindcss` directly as a PostCSS plugin. The PostCSS plugin has 
moved to a separate package, so to continue using Tailwind CSS with PostCSS you'll need to install 
`@tailwindcss/postcss` and update your PostCSS configuration.
    at ft (S:\gravity projects\skillSwap\client\node_modules\tailwindcss\dist\lib.js:38:1643)
    at LazyResult.runOnRoot (S:\gravity projects\skillSwap\client\node_modules\postcss\lib\lazy-result.js:361:16)
    at LazyResult.runAsync (S:\gravity projects\skillSwap\client\node_modules\postcss\lib\lazy-result.js:290:26)
    at LazyResult.async (S:\gravity projects\skillSwap\client\node_modules\postcss\lib\lazy-result.js:192:30)
    at LazyResult.then (S:\gravity projects\skillSwap\client\node_modules\postcss\lib\lazy-result.js:449:17)[31m
    at aggregateBindingErrorsIntoJsError 
(file:///S:/gravity%20projects/skillSwap/client/node_modules/rolldown/dist/shared/error-B68YLzl3.mjs:48:18)
    at unwrapBindingResult 
(file:///S:/gravity%20projects/skillSwap/client/node_modules/rolldown/dist/shared/error-B68YLzl3.mjs:18:128)
    at #build 
(file:///S:/gravity%20projects/skillSwap/client/node_modules/rolldown/dist/shared/rolldown-build-DR0wzp0V.mjs:3256:34)
    at async buildEnvironment 
(file:///S:/gravity%20projects/skillSwap/client/node_modules/vite/dist/node/chunks/node.js:32575:66)
    at async Object.build 
(file:///S:/gravity%20projects/skillSwap/client/node_modules/vite/dist/node/chunks/node.js:32997:19)
    at async Object.buildApp 
(file:///S:/gravity%20projects/skillSwap/client/node_modules/vite/dist/node/chunks/node.js:32994:153)
    at async CAC.<anonymous> (file:///S:/gravity%20projects/skillSwap/client/node_modules/vite/dist/node/cli.js:777:3) 
{
  errors: [Getter/Setter]
}[39m
